Archive member included to satisfy reference by file (symbol)

d:/study app/stm32cubeide_1.7.0/stm32cubeide/plugins/com.st.stm32cube.ide.mcu.externaltools.gnu-tools-for-stm32.9-2020-q2-update.win32_2.0.0.202105311346/tools/bin/../lib/gcc/arm-none-eabi/9.3.1/../../../../arm-none-eabi/lib/thumb/v7-m/nofp\libc_nano.a(lib_a-errno.o)
                              ./Core/Src/syscalls.o (__errno)
d:/study app/stm32cubeide_1.7.0/stm32cubeide/plugins/com.st.stm32cube.ide.mcu.externaltools.gnu-tools-for-stm32.9-2020-q2-update.win32_2.0.0.202105311346/tools/bin/../lib/gcc/arm-none-eabi/9.3.1/../../../../arm-none-eabi/lib/thumb/v7-m/nofp\libc_nano.a(lib_a-exit.o)
                              d:/study app/stm32cubeide_1.7.0/stm32cubeide/plugins/com.st.stm32cube.ide.mcu.externaltools.gnu-tools-for-stm32.9-2020-q2-update.win32_2.0.0.202105311346/tools/bin/../lib/gcc/arm-none-eabi/9.3.1/../../../../arm-none-eabi/lib/thumb/v7-m/nofp/crt0.o (exit)
d:/study app/stm32cubeide_1.7.0/stm32cubeide/plugins/com.st.stm32cube.ide.mcu.externaltools.gnu-tools-for-stm32.9-2020-q2-update.win32_2.0.0.202105311346/tools/bin/../lib/gcc/arm-none-eabi/9.3.1/../../../../arm-none-eabi/lib/thumb/v7-m/nofp\libc_nano.a(lib_a-impure.o)
                              d:/study app/stm32cubeide_1.7.0/stm32cubeide/plugins/com.st.stm32cube.ide.mcu.externaltools.gnu-tools-for-stm32.9-2020-q2-update.win32_2.0.0.202105311346/tools/bin/../lib/gcc/arm-none-eabi/9.3.1/../../../../arm-none-eabi/lib/thumb/v7-m/nofp\libc_nano.a(lib_a-exit.o) (_global_impure_ptr)
d:/study app/stm32cubeide_1.7.0/stm32cubeide/plugins/com.st.stm32cube.ide.mcu.externaltools.gnu-tools-for-stm32.9-2020-q2-update.win32_2.0.0.202105311346/tools/bin/../lib/gcc/arm-none-eabi/9.3.1/../../../../arm-none-eabi/lib/thumb/v7-m/nofp\libc_nano.a(lib_a-init.o)
                              d:/study app/stm32cubeide_1.7.0/stm32cubeide/plugins/com.st.stm32cube.ide.mcu.externaltools.gnu-tools-for-stm32.9-2020-q2-update.win32_2.0.0.202105311346/tools/bin/../lib/gcc/arm-none-eabi/9.3.1/../../../../arm-none-eabi/lib/thumb/v7-m/nofp/crt0.o (__libc_init_array)
d:/study app/stm32cubeide_1.7.0/stm32cubeide/plugins/com.st.stm32cube.ide.mcu.externaltools.gnu-tools-for-stm32.9-2020-q2-update.win32_2.0.0.202105311346/tools/bin/../lib/gcc/arm-none-eabi/9.3.1/../../../../arm-none-eabi/lib/thumb/v7-m/nofp\libc_nano.a(lib_a-memset.o)
                              d:/study app/stm32cubeide_1.7.0/stm32cubeide/plugins/com.st.stm32cube.ide.mcu.externaltools.gnu-tools-for-stm32.9-2020-q2-update.win32_2.0.0.202105311346/tools/bin/../lib/gcc/arm-none-eabi/9.3.1/../../../../arm-none-eabi/lib/thumb/v7-m/nofp/crt0.o (memset)

Allocating common symbols
Common symbol       size              file

hi2c1               0x54              ./Core/Src/main.o
timer_counter       0xc8              ./Core/Src/software_timer.o
uwTick              0x4               ./Drivers/STM32F1xx_HAL_Driver/Src/stm32f1xx_hal.o
pFlash              0x20              ./Drivers/STM32F1xx_HAL_Driver/Src/stm32f1xx_hal_flash.o
hadc1               0x30              ./Core/Src/main.o
buttons             0x140             ./Core/Src/button.o
timer_flag          0xc8              ./Core/Src/software_timer.o
htim2               0x48              ./Core/Src/main.o

Discarded input sections

 .text          0x0000000000000000        0x0 d:/study app/stm32cubeide_1.7.0/stm32cubeide/plugins/com.st.stm32cube.ide.mcu.externaltools.gnu-tools-for-stm32.9-2020-q2-update.win32_2.0.0.202105311346/tools/bin/../lib/gcc/arm-none-eabi/9.3.1/thumb/v7-m/nofp/crti.o
 .data          0x0000000000000000        0x0 d:/study app/stm32cubeide_1.7.0/stm32cubeide/plugins/com.st.stm32cube.ide.mcu.externaltools.gnu-tools-for-stm32.9-2020-q2-update.win32_2.0.0.202105311346/tools/bin/../lib/gcc/arm-none-eabi/9.3.1/thumb/v7-m/nofp/crti.o
 .bss           0x0000000000000000        0x0 d:/study app/stm32cubeide_1.7.0/stm32cubeide/plugins/com.st.stm32cube.ide.mcu.externaltools.gnu-tools-for-stm32.9-2020-q2-update.win32_2.0.0.202105311346/tools/bin/../lib/gcc/arm-none-eabi/9.3.1/thumb/v7-m/nofp/crti.o
 .data          0x0000000000000000        0x4 d:/study app/stm32cubeide_1.7.0/stm32cubeide/plugins/com.st.stm32cube.ide.mcu.externaltools.gnu-tools-for-stm32.9-2020-q2-update.win32_2.0.0.202105311346/tools/bin/../lib/gcc/arm-none-eabi/9.3.1/thumb/v7-m/nofp/crtbegin.o
 .text          0x0000000000000000       0x7c d:/study app/stm32cubeide_1.7.0/stm32cubeide/plugins/com.st.stm32cube.ide.mcu.externaltools.gnu-tools-for-stm32.9-2020-q2-update.win32_2.0.0.202105311346/tools/bin/../lib/gcc/arm-none-eabi/9.3.1/../../../../arm-none-eabi/lib/thumb/v7-m/nofp/crt0.o
 .data          0x0000000000000000        0x0 d:/study app/stm32cubeide_1.7.0/stm32cubeide/plugins/com.st.stm32cube.ide.mcu.externaltools.gnu-tools-for-stm32.9-2020-q2-update.win32_2.0.0.202105311346/tools/bin/../lib/gcc/arm-none-eabi/9.3.1/../../../../arm-none-eabi/lib/thumb/v7-m/nofp/crt0.o
[...]
Memory Configuration

Name             Origin             Length             Attributes
RAM              0x0000000020000000 0x0000000000002800 xrw
FLASH            0x0000000008000000 0x0000000000008000 xr
*default*        0x0000000000000000 0xffffffffffffffff

Linker script and memory map

LOAD d:/study app/stm32cubeide_1.7.0/stm32cubeide/plugins/com.st.stm32cube.ide.mcu.externaltools.gnu-tools-for-stm32.9-2020-q2-update.win32_2.0.0.202105311346/tools/bin/../lib/gcc/arm-none-eabi/9.3.1/thumb/v7-m/nofp/crti.o
LOAD d:/study app/stm32cubeide_1.7.0/stm32cubeide/plugins/com.st.stm32cube.ide.mcu.externaltools.gnu-tools-for-stm32.9-2020-q2-update.win32_2.0.0.202105311346/tools/bin/../lib/gcc/arm-none-eabi/9.3.1/thumb/v7-m/nofp/crtbegin.o
LOAD d:/study app/stm32cubeide_1.7.0/stm32cubeide/plugins/com.st.stm32cube.ide.mcu.externaltools.gnu-tools-for-stm32.9-2020-q2-update.win32_2.0.0.202105311346/tools/bin/../lib/gcc/arm-none-eabi/9.3.1/../../../../arm-none-eabi/lib/thumb/v7-m/nofp/crt0.o
LOAD ./Core/Src/button.o
LOAD ./Core/Src/buzzer.o
LOAD ./Core/Src/display_7SEG.o
LOAD ./Core/Src/display_LCD.o
LOAD ./Core/Src/global.o
LOAD ./Core/Src/i2c_lcd.o
LOAD ./Core/Src/logic_game.o
LOAD ./Core/Src/main.o
LOAD ./Core/Src/mode_accel_decel_spin.o
LOAD ./Core/Src/mode_hold_spin.o
LOAD ./Core/Src/mode_single_spin.o
LOAD ./Core/Src/mode_two_player.o
LOAD ./Core/Src/random_gen.o
LOAD ./Core/Src/software_timer.o
LOAD ./Core/Src/stm32f1xx_hal_msp.o
LOAD ./Core/Src/stm32f1xx_it.o
LOAD ./Core/Src/syscalls.o
LOAD ./Core/Src/sysmem.o
LOAD ./Core/Src/system_stm32f1xx.o
LOAD ./Core/Startup/startup_stm32f103c6ux.o
LOAD ./Drivers/STM32F1xx_HAL_Driver/Src/stm32f1xx_hal.o
LOAD ./Drivers/STM32F1xx_HAL_Driver/Src/stm32f1xx_hal_adc.o
LOAD ./Drivers/STM32F1xx_HAL_Driver/Src/stm32f1xx_hal_adc_ex.o
LOAD ./Drivers/STM32F1xx_HAL_Driver/Src/stm32f1xx_hal_cortex.o
LOAD ./Drivers/STM32F1xx_HAL_Driver/Src/stm32f1xx_hal_dma.o
LOAD ./Drivers/STM32F1xx_HAL_Driver/Src/stm32f1xx_hal_exti.o
LOAD ./Drivers/STM32F1xx_HAL_Driver/Src/stm32f1xx_hal_flash.o
LOAD ./Drivers/STM32F1xx_HAL_Driver/Src/stm32f1xx_hal_flash_ex.o
LOAD ./Drivers/STM32F1xx_HAL_Driver/Src/stm32f1xx_hal_gpio.o
LOAD ./Drivers/STM32F1xx_HAL_Driver/Src/stm32f1xx_hal_gpio_ex.o
LOAD ./Drivers/STM32F1xx_HAL_Driver/Src/stm32f1xx_hal_i2c.o
LOAD ./Drivers/STM32F1xx_HAL_Driver/Src/stm32f1xx_hal_pwr.o
LOAD ./Drivers/STM32F1xx_HAL_Driver/Src/stm32f1xx_hal_rcc.o
LOAD ./Drivers/STM32F1xx_HAL_Driver/Src/stm32f1xx_hal_rcc_ex.o
LOAD ./Drivers/STM32F1xx_HAL_Driver/Src/stm32f1xx_hal_tim.o
LOAD ./Drivers/STM32F1xx_HAL_Driver/Src/stm32f1xx_hal_tim_ex.o
START GROUP
LOAD d:/study app/stm32cubeide_1.7.0/stm32cubeide/plugins/com.st.stm32cube.ide.mcu.externaltools.gnu-tools-for-stm32.9-2020-q2-update.win32_2.0.0.202105311346/tools/bin/../lib/gcc/arm-none-eabi/9.3.1/../../../../arm-none-eabi/lib/thumb/v7-m/nofp\libc_nano.a
LOAD d:/study app/stm32cubeide_1.7.0/stm32cubeide/plugins/com.st.stm32cube.ide.mcu.externaltools.gnu-tools-for-stm32.9-2020-q2-update.win32_2.0.0.202105311346/tools/bin/../lib/gcc/arm-none-eabi/9.3.1/../../../../arm-none-eabi/lib/thumb/v7-m/nofp\libm.a
END GROUP
START GROUP
LOAD d:/study app/stm32cubeide_1.7.0/stm32cubeide/plugins/com.st.stm32cube.ide.mcu.externaltools.gnu-tools-for-stm32.9-2020-q2-update.win32_2.0.0.202105311346/tools/bin/../lib/gcc/arm-none-eabi/9.3.1/thumb/v7-m/nofp\libgcc.a
LOAD d:/study app/stm32cubeide_1.7.0/stm32cubeide/plugins/com.st.stm32cube.ide.mcu.externaltools.gnu-tools-for-stm32.9-2020-q2-update.win32_2.0.0.202105311346/tools/bin/../lib/gcc/arm-none-eabi/9.3.1/../../../../arm-none-eabi/lib/thumb/v7-m/nofp\libc_nano.a
END GROUP
START GROUP
LOAD d:/study app/stm32cubeide_1.7.0/stm32cubeide/plugins/com.st.stm32cube.ide.mcu.externaltools.gnu-tools-for-stm32.9-2020-q2-update.win32_2.0.0.202105311346/tools/bin/../lib/gcc/arm-none-eabi/9.3.1/thumb/v7-m/nofp\libgcc.a
LOAD d:/study app/stm32cubeide_1.7.0/stm32cubeide/plugins/com.st.stm32cube.ide.mcu.externaltools.gnu-tools-for-stm32.9-2020-q2-update.win32_2.0.0.202105311346/tools/bin/../lib/gcc/arm-none-eabi/9.3.1/../../../../arm-none-eabi/lib/thumb/v7-m/nofp\libc_nano.a
LOAD d:/study app/stm32cubeide_1.7.0/stm32cubeide/plugins/com.st.stm32cube.ide.mcu.externaltools.gnu-tools-for-stm32.9-2020-q2-update.win32_2.0.0.202105311346/tools/bin/../lib/gcc/arm-none-eabi/9.3.1/../../../../arm-none-eabi/lib/thumb/v7-m/nofp\libnosys.a
END GROUP
START GROUP
LOAD d:/study app/stm32cubeide_1.7.0/stm32cubeide/plugins/com.st.stm32cube.ide.mcu.externaltools.gnu-tools-for-stm32.9-2020-q2-update.win32_2.0.0.202105311346/tools/bin/../lib/gcc/arm-none-eabi/9.3.1/thumb/v7-m/nofp\libgcc.a
LOAD d:/study app/stm32cubeide_1.7.0/stm32cubeide/plugins/com.st.stm32cube.ide.mcu.externaltools.gnu-tools-for-stm32.9-2020-q2-update.win32_2.0.0.202105311346/tools/bin/../lib/gcc/arm-none-eabi/9.3.1/../../../../arm-none-eabi/lib/thumb/v7-m/nofp\libc_nano.a
LOAD d:/study app/stm32cubeide_1.7.0/stm32cubeide/plugins/com.st.stm32cube.ide.mcu.externaltools.gnu-tools-for-stm32.9-2020-q2-update.win32_2.0.0.202105311346/tools/bin/../lib/gcc/arm-none-eabi/9.3.1/../../../../arm-none-eabi/lib/thumb/v7-m/nofp\libnosys.a
END GROUP
LOAD d:/study app/stm32cubeide_1.7.0/stm32cubeide/plugins/com.st.stm32cube.ide.mcu.externaltools.gnu-tools-for-stm32.9-2020-q2-update.win32_2.0.0.202105311346/tools/bin/../lib/gcc/arm-none-eabi/9.3.1/thumb/v7-m/nofp/crtend.o
LOAD d:/study app/stm32cubeide_1.7.0/stm32cubeide/plugins/com.st.stm32cube.ide.mcu.externaltools.gnu-tools-for-stm32.9-2020-q2-update.win32_2.0.0.202105311346/tools/bin/../lib/gcc/arm-none-eabi/9.3.1/thumb/v7-m/nofp/crtn.o
                0x0000000020002800                _estack = (ORIGIN (RAM) + LENGTH (RAM))
                0x0000000000000200                _Min_Heap_Size = 0x200
                0x0000000000000400                _Min_Stack_Size = 0x400

.isr_vector     0x0000000008000000      0x10c
                0x0000000008000000                . = ALIGN (0x4)
 *(.isr_vector)
 .isr_vector    0x0000000008000000      0x10c ./Core/Startup/startup_stm32f103c6ux.o
                0x0000000008000000                g_pfnVectors
                0x000000000800010c                . = ALIGN (0x4)

.text           0x000000000800010c     0x4838
                0x000000000800010c                . = ALIGN (0x4)
 *(.text)
 .text          0x000000000800010c       0x40 d:/study app/stm32cubeide_1.7.0/stm32cubeide/plugins/com.st.stm32cube.ide.mcu.externaltools.gnu-tools-for-stm32.9-2020-q2-update.win32_2.0.0.202105311346/tools/bin/../lib/gcc/arm-none-eabi/9.3.1/thumb/v7-m/nofp/crtbegin.o
 *(.text*)
 .text.Button_Init
                0x000000000800014c       0x98 ./Core/Src/button.o
                0x000000000800014c                Button_Init
 .text.isButtonPressed
                0x00000000080001e4       0x3c ./Core/Src/button.o
                0x00000000080001e4                isButtonPressed
 .text.isButtonLongPressed
                0x0000000008000220       0x3c ./Core/Src/button.o
                0x0000000008000220                isButtonLongPressed
 .text.isButtonReleased
                0x000000000800025c       0x3c ./Core/Src/button.o
                0x000000000800025c                isButtonReleased
 .text.setButtonFlag
                0x0000000008000298       0x24 ./Core/Src/button.o
                0x0000000008000298                setButtonFlag
 .text.getKeyInput
                0x00000000080002bc      0x194 ./Core/Src/button.o
                0x00000000080002bc                getKeyInput
 .text.clk_pulse
                0x0000000008000450       0x20 ./Core/Src/display_7SEG.o
                0x0000000008000450                clk_pulse
 .text.latch_pulse
                0x0000000008000470       0x20 ./Core/Src/display_7SEG.o
                0x0000000008000470                latch_pulse
 .text.shift_byte
                0x0000000008000490       0x48 ./Core/Src/display_7SEG.o
                0x0000000008000490                shift_byte
 .text.HC595_Send3_GPIO
                0x00000000080004d8       0x44 ./Core/Src/display_7SEG.o
                0x00000000080004d8                HC595_Send3_GPIO
 .text.invert_byte
                0x000000000800051c       0x20 ./Core/Src/display_7SEG.o
                0x000000000800051c                invert_byte
 .text.update_led_buffer
                0x000000000800053c       0x2c ./Core/Src/display_7SEG.o
                0x000000000800053c                update_led_buffer
 .text.display_3_digit
                0x0000000008000568       0x60 ./Core/Src/display_7SEG.o
                0x0000000008000568                display_3_digit
 .text.display_init
                0x00000000080005c8       0x1c ./Core/Src/display_LCD.o
                0x00000000080005c8                display_init
 .text.display_welcome_screen
                0x00000000080005e4       0x20 ./Core/Src/display_LCD.o
                0x00000000080005e4                display_welcome_screen
 .text.display_announcement
                0x0000000008000604      0x130 ./Core/Src/display_LCD.o
                0x0000000008000604                display_announcement
 .text.display_while_playing
                0x0000000008000734      0x118 ./Core/Src/display_LCD.o
                0x0000000008000734                display_while_playing
 .text.reset_animation_pos
                0x000000000800084c       0x20 ./Core/Src/display_LCD.o
                0x000000000800084c                reset_animation_pos
 .text.display_list_modes
                0x000000000800086c      0x3e8 ./Core/Src/display_LCD.o
                0x000000000800086c                display_list_modes
 .text.display_mode_two_players
                0x0000000008000c54       0x64 ./Core/Src/display_LCD.o
                0x0000000008000c54                display_mode_two_players
 .text.display_list_button
                0x0000000008000cb8       0x98 ./Core/Src/display_LCD.o
                0x0000000008000cb8                display_list_button
 .text.check_result_single_player
                0x0000000008000d50       0x30 ./Core/Src/global.o
                0x0000000008000d50                check_result_single_player
 .text.lcd_send_cmd
                0x0000000008000d80       0x60 ./Core/Src/i2c_lcd.o
                0x0000000008000d80                lcd_send_cmd
 .text.lcd_send_data
                0x0000000008000de0       0x60 ./Core/Src/i2c_lcd.o
                0x0000000008000de0                lcd_send_data
 .text.lcd_clear_display
                0x0000000008000e40       0x14 ./Core/Src/i2c_lcd.o
                0x0000000008000e40                lcd_clear_display
 .text.lcd_goto_XY
                0x0000000008000e54       0x68 ./Core/Src/i2c_lcd.o
                0x0000000008000e54                lcd_goto_XY
 .text.lcd_init
                0x0000000008000ebc       0x50 ./Core/Src/i2c_lcd.o
                0x0000000008000ebc                lcd_init
 .text.lcd_send_string
                0x0000000008000f0c       0x2a ./Core/Src/i2c_lcd.o
                0x0000000008000f0c                lcd_send_string
 *fill*         0x0000000008000f36        0x2 
 .text.apply_test_result_single
                0x0000000008000f38       0x78 ./Core/Src/logic_game.o
                0x0000000008000f38                apply_test_result_single
 .text.logic_game
                0x0000000008000fb0      0x150 ./Core/Src/logic_game.o
                0x0000000008000fb0                logic_game
 .text.main     0x0000000008001100       0xd4 ./Core/Src/main.o
                0x0000000008001100                main
 .text.SystemClock_Config
                0x00000000080011d4       0xac ./Core/Src/main.o
                0x00000000080011d4                SystemClock_Config
 .text.MX_ADC1_Init
                0x0000000008001280       0x7c ./Core/Src/main.o
 .text.MX_I2C1_Init
                0x00000000080012fc       0x5c ./Core/Src/main.o
 .text.MX_TIM2_Init
                0x0000000008001358       0x98 ./Core/Src/main.o
 .text.MX_GPIO_Init
                0x00000000080013f0      0x104 ./Core/Src/main.o
 .text.HAL_TIM_PeriodElapsedCallback
                0x00000000080014f4       0x18 ./Core/Src/main.o
                0x00000000080014f4                HAL_TIM_PeriodElapsedCallback
 .text.Error_Handler
                0x000000000800150c        0xa ./Core/Src/main.o
                0x000000000800150c                Error_Handler
 *fill*         0x0000000008001516        0x2 
 .text.mode_accel_decel_spin
                0x0000000008001518      0x178 ./Core/Src/mode_accel_decel_spin.o
                0x0000000008001518                mode_accel_decel_spin
 .text.display7SEG_mode_accel_decel_spin
                0x0000000008001690       0x24 ./Core/Src/mode_accel_decel_spin.o
                0x0000000008001690                display7SEG_mode_accel_decel_spin
 .text.mode_hold_spin
                0x00000000080016b4       0xd8 ./Core/Src/mode_hold_spin.o
                0x00000000080016b4                mode_hold_spin
 .text.display7SEG_mode_hold_spin
                0x000000000800178c       0x24 ./Core/Src/mode_hold_spin.o
                0x000000000800178c                display7SEG_mode_hold_spin
 .text.mode_single_spin
                0x00000000080017b0       0xc4 ./Core/Src/mode_single_spin.o
                0x00000000080017b0                mode_single_spin
 .text.display7SEG_mode_single_spin
                0x0000000008001874       0x24 ./Core/Src/mode_single_spin.o
                0x0000000008001874                display7SEG_mode_single_spin
 .text.check_result_two_players
                0x0000000008001898      0x138 ./Core/Src/mode_two_player.o
                0x0000000008001898                check_result_two_players
 .text.mode_two_players
                0x00000000080019d0      0x258 ./Core/Src/mode_two_player.o
                0x00000000080019d0                mode_two_players
 .text.display7SEG_mode_two_players
                0x0000000008001c28       0x24 ./Core/Src/mode_two_player.o
                0x0000000008001c28                display7SEG_mode_two_players
 .text.random32
                0x0000000008001c4c       0x30 ./Core/Src/random_gen.o
 .text.random_digit
                0x0000000008001c7c       0x28 ./Core/Src/random_gen.o
                0x0000000008001c7c                random_digit
 .text.setTimer
                0x0000000008001ca4       0x40 ./Core/Src/software_timer.o
                0x0000000008001ca4                setTimer
 .text.isTimerExpired
                0x0000000008001ce4       0x28 ./Core/Src/software_timer.o
                0x0000000008001ce4                isTimerExpired
 .text.timerRun
                0x0000000008001d0c       0x60 ./Core/Src/software_timer.o
                0x0000000008001d0c                timerRun
 .text.HAL_MspInit
                0x0000000008001d6c       0x64 ./Core/Src/stm32f1xx_hal_msp.o
                0x0000000008001d6c                HAL_MspInit
 .text.HAL_ADC_MspInit
                0x0000000008001dd0       0x88 ./Core/Src/stm32f1xx_hal_msp.o
                0x0000000008001dd0                HAL_ADC_MspInit
 .text.HAL_I2C_MspInit
                0x0000000008001e58       0x80 ./Core/Src/stm32f1xx_hal_msp.o
                0x0000000008001e58                HAL_I2C_MspInit
 .text.HAL_TIM_Base_MspInit
                0x0000000008001ed8       0x48 ./Core/Src/stm32f1xx_hal_msp.o
                0x0000000008001ed8                HAL_TIM_Base_MspInit
 .text.NMI_Handler
                0x0000000008001f20        0x6 ./Core/Src/stm32f1xx_it.o
                0x0000000008001f20                NMI_Handler
 .text.HardFault_Handler
                0x0000000008001f26        0x6 ./Core/Src/stm32f1xx_it.o
                0x0000000008001f26                HardFault_Handler
 .text.MemManage_Handler
                0x0000000008001f2c        0x6 ./Core/Src/stm32f1xx_it.o
                0x0000000008001f2c                MemManage_Handler
 .text.BusFault_Handler
                0x0000000008001f32        0x6 ./Core/Src/stm32f1xx_it.o
                0x0000000008001f32                BusFault_Handler
 .text.UsageFault_Handler
                0x0000000008001f38        0x6 ./Core/Src/stm32f1xx_it.o
                0x0000000008001f38                UsageFault_Handler
 .text.SVC_Handler
                0x0000000008001f3e        0xc ./Core/Src/stm32f1xx_it.o
                0x0000000008001f3e                SVC_Handler
 .text.DebugMon_Handler
                0x0000000008001f4a        0xc ./Core/Src/stm32f1xx_it.o
                0x0000000008001f4a                DebugMon_Handler
 .text.PendSV_Handler
                0x0000000008001f56        0xc ./Core/Src/stm32f1xx_it.o
                0x0000000008001f56                PendSV_Handler
 .text.SysTick_Handler
                0x0000000008001f62        0xc ./Core/Src/stm32f1xx_it.o
                0x0000000008001f62                SysTick_Handler
 *fill*         0x0000000008001f6e        0x2 
 .text.ADC1_2_IRQHandler
                0x0000000008001f70       0x14 ./Core/Src/stm32f1xx_it.o
                0x0000000008001f70                ADC1_2_IRQHandler
 .text.TIM2_IRQHandler
                0x0000000008001f84       0x14 ./Core/Src/stm32f1xx_it.o
                0x0000000008001f84                TIM2_IRQHandler
 .text.SystemInit
                0x0000000008001f98        0xc ./Core/Src/system_stm32f1xx.o
                0x0000000008001f98                SystemInit
 .text.Reset_Handler
                0x0000000008001fa4       0x48 ./Core/Startup/startup_stm32f103c6ux.o
                0x0000000008001fa4                Reset_Handler
 .text.Default_Handler
                0x0000000008001fec        0x2 ./Core/Startup/startup_stm32f103c6ux.o
                0x0000000008001fec                RTC_Alarm_IRQHandler
                0x0000000008001fec                EXTI2_IRQHandler
                0x0000000008001fec                TIM1_CC_IRQHandler
                0x0000000008001fec                PVD_IRQHandler
                0x0000000008001fec                EXTI3_IRQHandler
                0x0000000008001fec                EXTI0_IRQHandler
                0x0000000008001fec                SPI1_IRQHandler
                0x0000000008001fec                TAMPER_IRQHandler
                0x0000000008001fec                DMA1_Channel4_IRQHandler
                0x0000000008001fec                RTC_IRQHandler
                0x0000000008001fec                DMA1_Channel7_IRQHandler
                0x0000000008001fec                CAN1_RX1_IRQHandler
                0x0000000008001fec                I2C1_EV_IRQHandler
                0x0000000008001fec                DMA1_Channel6_IRQHandler
                0x0000000008001fec                TIM3_IRQHandler
                0x0000000008001fec                RCC_IRQHandler
                0x0000000008001fec                TIM1_TRG_COM_IRQHandler
                0x0000000008001fec                DMA1_Channel1_IRQHandler
                0x0000000008001fec                Default_Handler
                0x0000000008001fec                EXTI15_10_IRQHandler
                0x0000000008001fec                EXTI9_5_IRQHandler
                0x0000000008001fec                DMA1_Channel5_IRQHandler
                0x0000000008001fec                EXTI4_IRQHandler
                0x0000000008001fec                USB_LP_CAN1_RX0_IRQHandler
                0x0000000008001fec                USB_HP_CAN1_TX_IRQHandler
                0x0000000008001fec                DMA1_Channel3_IRQHandler
                0x0000000008001fec                TIM1_UP_IRQHandler
                0x0000000008001fec                WWDG_IRQHandler
                0x0000000008001fec                TIM1_BRK_IRQHandler
                0x0000000008001fec                EXTI1_IRQHandler
                0x0000000008001fec                USART2_IRQHandler
                0x0000000008001fec                DMA1_Channel2_IRQHandler
                0x0000000008001fec                CAN1_SCE_IRQHandler
                0x0000000008001fec                FLASH_IRQHandler
                0x0000000008001fec                USART1_IRQHandler
                0x0000000008001fec                I2C1_ER_IRQHandler
                0x0000000008001fec                USBWakeUp_IRQHandler
 *fill*         0x0000000008001fee        0x2 
 .text.HAL_Init
                0x0000000008001ff0       0x2c ./Drivers/STM32F1xx_HAL_Driver/Src/stm32f1xx_hal.o
                0x0000000008001ff0                HAL_Init
 .text.HAL_InitTick
                0x000000000800201c       0x60 ./Drivers/STM32F1xx_HAL_Driver/Src/stm32f1xx_hal.o
                0x000000000800201c                HAL_InitTick
 .text.HAL_IncTick
                0x000000000800207c       0x24 ./Drivers/STM32F1xx_HAL_Driver/Src/stm32f1xx_hal.o
                0x000000000800207c                HAL_IncTick
 .text.HAL_GetTick
                0x00000000080020a0       0x14 ./Drivers/STM32F1xx_HAL_Driver/Src/stm32f1xx_hal.o
                0x00000000080020a0                HAL_GetTick
 .text.HAL_Delay
                0x00000000080020b4       0x48 ./Drivers/STM32F1xx_HAL_Driver/Src/stm32f1xx_hal.o
                0x00000000080020b4                HAL_Delay
 .text.HAL_ADC_Init
                0x00000000080020fc      0x1b0 ./Drivers/STM32F1xx_HAL_Driver/Src/stm32f1xx_hal_adc.o
                0x00000000080020fc                HAL_ADC_Init
 .text.HAL_ADC_Start
                0x00000000080022ac      0x15c ./Drivers/STM32F1xx_HAL_Driver/Src/stm32f1xx_hal_adc.o
                0x00000000080022ac                HAL_ADC_Start
 .text.HAL_ADC_IRQHandler
                0x0000000008002408      0x17e ./Drivers/STM32F1xx_HAL_Driver/Src/stm32f1xx_hal_adc.o
                0x0000000008002408                HAL_ADC_IRQHandler
 .text.HAL_ADC_ConvCpltCallback
                0x0000000008002586       0x12 ./Drivers/STM32F1xx_HAL_Driver/Src/stm32f1xx_hal_adc.o
                0x0000000008002586                HAL_ADC_ConvCpltCallback
 .text.HAL_ADC_LevelOutOfWindowCallback
                0x0000000008002598       0x12 ./Drivers/STM32F1xx_HAL_Driver/Src/stm32f1xx_hal_adc.o
                0x0000000008002598                HAL_ADC_LevelOutOfWindowCallback
 *fill*         0x00000000080025aa        0x2 
 .text.HAL_ADC_ConfigChannel
                0x00000000080025ac      0x1f0 ./Drivers/STM32F1xx_HAL_Driver/Src/stm32f1xx_hal_adc.o
                0x00000000080025ac                HAL_ADC_ConfigChannel
 .text.ADC_Enable
                0x000000000800279c       0xb4 ./Drivers/STM32F1xx_HAL_Driver/Src/stm32f1xx_hal_adc.o
                0x000000000800279c                ADC_Enable
 .text.ADC_ConversionStop_Disable
                0x0000000008002850       0x82 ./Drivers/STM32F1xx_HAL_Driver/Src/stm32f1xx_hal_adc.o
                0x0000000008002850                ADC_ConversionStop_Disable
 .text.HAL_ADCEx_InjectedConvCpltCallback
                0x00000000080028d2       0x12 ./Drivers/STM32F1xx_HAL_Driver/Src/stm32f1xx_hal_adc_ex.o
                0x00000000080028d2                HAL_ADCEx_InjectedConvCpltCallback
 .text.__NVIC_SetPriorityGrouping
                0x00000000080028e4       0x48 ./Drivers/STM32F1xx_HAL_Driver/Src/stm32f1xx_hal_cortex.o
 .text.__NVIC_GetPriorityGrouping
                0x000000000800292c       0x1c ./Drivers/STM32F1xx_HAL_Driver/Src/stm32f1xx_hal_cortex.o
 .text.__NVIC_EnableIRQ
                0x0000000008002948       0x38 ./Drivers/STM32F1xx_HAL_Driver/Src/stm32f1xx_hal_cortex.o
 .text.__NVIC_SetPriority
                0x0000000008002980       0x54 ./Drivers/STM32F1xx_HAL_Driver/Src/stm32f1xx_hal_cortex.o
 .text.NVIC_EncodePriority
                0x00000000080029d4       0x64 ./Drivers/STM32F1xx_HAL_Driver/Src/stm32f1xx_hal_cortex.o
 .text.SysTick_Config
                0x0000000008002a38       0x44 ./Drivers/STM32F1xx_HAL_Driver/Src/stm32f1xx_hal_cortex.o
 .text.HAL_NVIC_SetPriorityGrouping
                0x0000000008002a7c       0x16 ./Drivers/STM32F1xx_HAL_Driver/Src/stm32f1xx_hal_cortex.o
                0x0000000008002a7c                HAL_NVIC_SetPriorityGrouping
 .text.HAL_NVIC_SetPriority
                0x0000000008002a92       0x38 ./Drivers/STM32F1xx_HAL_Driver/Src/stm32f1xx_hal_cortex.o
                0x0000000008002a92                HAL_NVIC_SetPriority
 .text.HAL_NVIC_EnableIRQ
                0x0000000008002aca       0x1c ./Drivers/STM32F1xx_HAL_Driver/Src/stm32f1xx_hal_cortex.o
                0x0000000008002aca                HAL_NVIC_EnableIRQ
 .text.HAL_SYSTICK_Config
                0x0000000008002ae6       0x18 ./Drivers/STM32F1xx_HAL_Driver/Src/stm32f1xx_hal_cortex.o
                0x0000000008002ae6                HAL_SYSTICK_Config
 *fill*         0x0000000008002afe        0x2 
 .text.HAL_GPIO_Init
                0x0000000008002b00      0x2f4 ./Drivers/STM32F1xx_HAL_Driver/Src/stm32f1xx_hal_gpio.o
                0x0000000008002b00                HAL_GPIO_Init
 .text.HAL_GPIO_ReadPin
                0x0000000008002df4       0x2e ./Drivers/STM32F1xx_HAL_Driver/Src/stm32f1xx_hal_gpio.o
                0x0000000008002df4                HAL_GPIO_ReadPin
 .text.HAL_GPIO_WritePin
                0x0000000008002e22       0x30 ./Drivers/STM32F1xx_HAL_Driver/Src/stm32f1xx_hal_gpio.o
                0x0000000008002e22                HAL_GPIO_WritePin
 .text.HAL_GPIO_TogglePin
                0x0000000008002e52       0x32 ./Drivers/STM32F1xx_HAL_Driver/Src/stm32f1xx_hal_gpio.o
                0x0000000008002e52                HAL_GPIO_TogglePin
 .text.HAL_I2C_Init
                0x0000000008002e84      0x288 ./Drivers/STM32F1xx_HAL_Driver/Src/stm32f1xx_hal_i2c.o
                0x0000000008002e84                HAL_I2C_Init
 .text.HAL_I2C_Master_Transmit
                0x000000000800310c      0x1fc ./Drivers/STM32F1xx_HAL_Driver/Src/stm32f1xx_hal_i2c.o
                0x000000000800310c                HAL_I2C_Master_Transmit
 .text.I2C_MasterRequestWrite
                0x0000000008003308      0x104 ./Drivers/STM32F1xx_HAL_Driver/Src/stm32f1xx_hal_i2c.o
 .text.I2C_WaitOnFlagUntilTimeout
                0x000000000800340c       0xf4 ./Drivers/STM32F1xx_HAL_Driver/Src/stm32f1xx_hal_i2c.o
 .text.I2C_WaitOnMasterAddressFlagUntilTimeout
                0x0000000008003500      0x140 ./Drivers/STM32F1xx_HAL_Driver/Src/stm32f1xx_hal_i2c.o
 .text.I2C_WaitOnTXEFlagUntilTimeout
                0x0000000008003640       0x90 ./Drivers/STM32F1xx_HAL_Driver/Src/stm32f1xx_hal_i2c.o
 .text.I2C_WaitOnBTFFlagUntilTimeout
                0x00000000080036d0       0x90 ./Drivers/STM32F1xx_HAL_Driver/Src/stm32f1xx_hal_i2c.o
 .text.I2C_IsAcknowledgeFailed
                0x0000000008003760       0x5c ./Drivers/STM32F1xx_HAL_Driver/Src/stm32f1xx_hal_i2c.o
 .text.HAL_RCC_OscConfig
                0x00000000080037bc      0x500 ./Drivers/STM32F1xx_HAL_Driver/Src/stm32f1xx_hal_rcc.o
                0x00000000080037bc                HAL_RCC_OscConfig
 .text.HAL_RCC_ClockConfig
                0x0000000008003cbc      0x1d4 ./Drivers/STM32F1xx_HAL_Driver/Src/stm32f1xx_hal_rcc.o
                0x0000000008003cbc                HAL_RCC_ClockConfig
 .text.HAL_RCC_GetSysClockFreq
                0x0000000008003e90       0xa8 ./Drivers/STM32F1xx_HAL_Driver/Src/stm32f1xx_hal_rcc.o
                0x0000000008003e90                HAL_RCC_GetSysClockFreq
 .text.HAL_RCC_GetHCLKFreq
                0x0000000008003f38       0x14 ./Drivers/STM32F1xx_HAL_Driver/Src/stm32f1xx_hal_rcc.o
                0x0000000008003f38                HAL_RCC_GetHCLKFreq
 .text.HAL_RCC_GetPCLK1Freq
                0x0000000008003f4c       0x28 ./Drivers/STM32F1xx_HAL_Driver/Src/stm32f1xx_hal_rcc.o
                0x0000000008003f4c                HAL_RCC_GetPCLK1Freq
 .text.RCC_Delay
                0x0000000008003f74       0x3c ./Drivers/STM32F1xx_HAL_Driver/Src/stm32f1xx_hal_rcc.o
 .text.HAL_RCCEx_PeriphCLKConfig
                0x0000000008003fb0      0x16c ./Drivers/STM32F1xx_HAL_Driver/Src/stm32f1xx_hal_rcc_ex.o
                0x0000000008003fb0                HAL_RCCEx_PeriphCLKConfig
 .text.HAL_TIM_Base_Init
                0x000000000800411c       0x9e ./Drivers/STM32F1xx_HAL_Driver/Src/stm32f1xx_hal_tim.o
                0x000000000800411c                HAL_TIM_Base_Init
 *fill*         0x00000000080041ba        0x2 
 .text.HAL_TIM_Base_Start_IT
                0x00000000080041bc       0x98 ./Drivers/STM32F1xx_HAL_Driver/Src/stm32f1xx_hal_tim.o
                0x00000000080041bc                HAL_TIM_Base_Start_IT
 .text.HAL_TIM_IRQHandler
                0x0000000008004254      0x1e0 ./Drivers/STM32F1xx_HAL_Driver/Src/stm32f1xx_hal_tim.o
                0x0000000008004254                HAL_TIM_IRQHandler
 .text.HAL_TIM_ConfigClockSource
                0x0000000008004434      0x18e ./Drivers/STM32F1xx_HAL_Driver/Src/stm32f1xx_hal_tim.o
                0x0000000008004434                HAL_TIM_ConfigClockSource
 .text.HAL_TIM_OC_DelayElapsedCallback
                0x00000000080045c2       0x12 ./Drivers/STM32F1xx_HAL_Driver/Src/stm32f1xx_hal_tim.o
                0x00000000080045c2                HAL_TIM_OC_DelayElapsedCallback
 .text.HAL_TIM_IC_CaptureCallback
                0x00000000080045d4       0x12 ./Drivers/STM32F1xx_HAL_Driver/Src/stm32f1xx_hal_tim.o
                0x00000000080045d4                HAL_TIM_IC_CaptureCallback
 .text.HAL_TIM_PWM_PulseFinishedCallback
                0x00000000080045e6       0x12 ./Drivers/STM32F1xx_HAL_Driver/Src/stm32f1xx_hal_tim.o
                0x00000000080045e6                HAL_TIM_PWM_PulseFinishedCallback
 .text.HAL_TIM_TriggerCallback
                0x00000000080045f8       0x12 ./Drivers/STM32F1xx_HAL_Driver/Src/stm32f1xx_hal_tim.o
                0x00000000080045f8                HAL_TIM_TriggerCallback
 *fill*         0x000000000800460a        0x2 
 .text.TIM_Base_SetConfig
                0x000000000800460c       0xc8 ./Drivers/STM32F1xx_HAL_Driver/Src/stm32f1xx_hal_tim.o
                0x000000000800460c                TIM_Base_SetConfig
 .text.TIM_TI1_ConfigInputStage
                0x00000000080046d4       0x5c ./Drivers/STM32F1xx_HAL_Driver/Src/stm32f1xx_hal_tim.o
 .text.TIM_TI2_ConfigInputStage
                0x0000000008004730       0x5e ./Drivers/STM32F1xx_HAL_Driver/Src/stm32f1xx_hal_tim.o
 .text.TIM_ITRx_SetConfig
                0x000000000800478e       0x34 ./Drivers/STM32F1xx_HAL_Driver/Src/stm32f1xx_hal_tim.o
 .text.TIM_ETR_SetConfig
                0x00000000080047c2       0x3e ./Drivers/STM32F1xx_HAL_Driver/Src/stm32f1xx_hal_tim.o
                0x00000000080047c2                TIM_ETR_SetConfig
 .text.HAL_TIMEx_MasterConfigSynchronization
                0x0000000008004800       0xb0 ./Drivers/STM32F1xx_HAL_Driver/Src/stm32f1xx_hal_tim_ex.o
                0x0000000008004800                HAL_TIMEx_MasterConfigSynchronization
 .text.HAL_TIMEx_CommutCallback
                0x00000000080048b0       0x12 ./Drivers/STM32F1xx_HAL_Driver/Src/stm32f1xx_hal_tim_ex.o
                0x00000000080048b0                HAL_TIMEx_CommutCallback
 .text.HAL_TIMEx_BreakCallback
                0x00000000080048c2       0x12 ./Drivers/STM32F1xx_HAL_Driver/Src/stm32f1xx_hal_tim_ex.o
                0x00000000080048c2                HAL_TIMEx_BreakCallback
 .text.__libc_init_array
                0x00000000080048d4       0x48 d:/study app/stm32cubeide_1.7.0/stm32cubeide/plugins/com.st.stm32cube.ide.mcu.externaltools.gnu-tools-for-stm32.9-2020-q2-update.win32_2.0.0.202105311346/tools/bin/../lib/gcc/arm-none-eabi/9.3.1/../../../../arm-none-eabi/lib/thumb/v7-m/nofp\libc_nano.a(lib_a-init.o)
                0x00000000080048d4                __libc_init_array
 .text.memset   0x000000000800491c       0x10 d:/study app/stm32cubeide_1.7.0/stm32cubeide/plugins/com.st.stm32cube.ide.mcu.externaltools.gnu-tools-for-stm32.9-2020-q2-update.win32_2.0.0.202105311346/tools/bin/../lib/gcc/arm-none-eabi/9.3.1/../../../../arm-none-eabi/lib/thumb/v7-m/nofp\libc_nano.a(lib_a-memset.o)
                0x000000000800491c                memset
 *(.glue_7)
 .glue_7        0x000000000800492c        0x0 linker stubs
 *(.glue_7t)
 .glue_7t       0x000000000800492c        0x0 linker stubs
 *(.eh_frame)
 .eh_frame      0x000000000800492c        0x0 d:/study app/stm32cubeide_1.7.0/stm32cubeide/plugins/com.st.stm32cube.ide.mcu.externaltools.gnu-tools-for-stm32.9-2020-q2-update.win32_2.0.0.202105311346/tools/bin/../lib/gcc/arm-none-eabi/9.3.1/thumb/v7-m/nofp/crtbegin.o
 *(.init)
 .init          0x000000000800492c        0x4 d:/study app/stm32cubeide_1.7.0/stm32cubeide/plugins/com.st.stm32cube.ide.mcu.externaltools.gnu-tools-for-stm32.9-2020-q2-update.win32_2.0.0.202105311346/tools/bin/../lib/gcc/arm-none-eabi/9.3.1/thumb/v7-m/nofp/crti.o
                0x000000000800492c                _init
 .init          0x0000000008004930        0x8 d:/study app/stm32cubeide_1.7.0/stm32cubeide/plugins/com.st.stm32cube.ide.mcu.externaltools.gnu-tools-for-stm32.9-2020-q2-update.win32_2.0.0.202105311346/tools/bin/../lib/gcc/arm-none-eabi/9.3.1/thumb/v7-m/nofp/crtn.o
 *(.fini)
 .fini          0x0000000008004938        0x4 d:/study app/stm32cubeide_1.7.0/stm32cubeide/plugins/com.st.stm32cube.ide.mcu.externaltools.gnu-tools-for-stm32.9-2020-q2-update.win32_2.0.0.202105311346/tools/bin/../lib/gcc/arm-none-eabi/9.3.1/thumb/v7-m/nofp/crti.o
                0x0000000008004938                _fini
 .fini          0x000000000800493c        0x8 d:/study app/stm32cubeide_1.7.0/stm32cubeide/plugins/com.st.stm32cube.ide.mcu.externaltools.gnu-tools-for-stm32.9-2020-q2-update.win32_2.0.0.202105311346/tools/bin/../lib/gcc/arm-none-eabi/9.3.1/thumb/v7-m/nofp/crtn.o
                0x0000000008004944                . = ALIGN (0x4)
                0x0000000008004944                _etext = .

.vfp11_veneer   0x0000000008004944        0x0
 .vfp11_veneer  0x0000000008004944        0x0 linker stubs

.v4_bx          0x0000000008004944        0x0
 .v4_bx         0x0000000008004944        0x0 linker stubs

.iplt           0x0000000008004944        0x0
 .iplt          0x0000000008004944        0x0 d:/study app/stm32cubeide_1.7.0/stm32cubeide/plugins/com.st.stm32cube.ide.mcu.externaltools.gnu-tools-for-stm32.9-2020-q2-update.win32_2.0.0.202105311346/tools/bin/../lib/gcc/arm-none-eabi/9.3.1/thumb/v7-m/nofp/crtbegin.o

.rodata         0x0000000008004944      0x1e4
                0x0000000008004944                . = ALIGN (0x4)
 *(.rodata)
 .rodata        0x0000000008004944      0x18d ./Core/Src/display_LCD.o
 *fill*         0x0000000008004ad1        0x3 
 .rodata        0x0000000008004ad4       0x1c ./Core/Src/main.o
 *(.rodata*)
 .rodata.SEG_CC
                0x0000000008004af0        0xa ./Core/Src/display_7SEG.o
                0x0000000008004af0                SEG_CC
 *fill*         0x0000000008004afa        0x2 
 .rodata.AHBPrescTable
                0x0000000008004afc       0x10 ./Core/Src/system_stm32f1xx.o
                0x0000000008004afc                AHBPrescTable
 .rodata.APBPrescTable
                0x0000000008004b0c        0x8 ./Core/Src/system_stm32f1xx.o
                0x0000000008004b0c                APBPrescTable
 .rodata.aPLLMULFactorTable.6416
                0x0000000008004b14       0x10 ./Drivers/STM32F1xx_HAL_Driver/Src/stm32f1xx_hal_rcc.o
 .rodata.aPredivFactorTable.6417
                0x0000000008004b24        0x2 ./Drivers/STM32F1xx_HAL_Driver/Src/stm32f1xx_hal_rcc.o
                0x0000000008004b28                . = ALIGN (0x4)
 *fill*         0x0000000008004b26        0x2 

.rel.dyn        0x0000000008004b28        0x0
 .rel.iplt      0x0000000008004b28        0x0 d:/study app/stm32cubeide_1.7.0/stm32cubeide/plugins/com.st.stm32cube.ide.mcu.externaltools.gnu-tools-for-stm32.9-2020-q2-update.win32_2.0.0.202105311346/tools/bin/../lib/gcc/arm-none-eabi/9.3.1/thumb/v7-m/nofp/crtbegin.o

.ARM.extab      0x0000000008004b28        0x0
                0x0000000008004b28                . = ALIGN (0x4)
 *(.ARM.extab* .gnu.linkonce.armextab.*)
                0x0000000008004b28                . = ALIGN (0x4)

.ARM            0x0000000008004b28        0x0
                0x0000000008004b28                . = ALIGN (0x4)
                0x0000000008004b28                __exidx_start = .
 *(.ARM.exidx*)
                0x0000000008004b28                __exidx_end = .
                0x0000000008004b28                . = ALIGN (0x4)

.preinit_array  0x0000000008004b28        0x0
                0x0000000008004b28                . = ALIGN (0x4)
                0x0000000008004b28                PROVIDE (__preinit_array_start = .)
 *(.preinit_array*)
                0x0000000008004b28                PROVIDE (__preinit_array_end = .)
                0x0000000008004b28                . = ALIGN (0x4)

.init_array     0x0000000008004b28        0x4
                0x0000000008004b28                . = ALIGN (0x4)
                0x0000000008004b28                PROVIDE (__init_array_start = .)
 *(SORT_BY_NAME(.init_array.*))
 *(.init_array*)
 .init_array    0x0000000008004b28        0x4 d:/study app/stm32cubeide_1.7.0/stm32cubeide/plugins/com.st.stm32cube.ide.mcu.externaltools.gnu-tools-for-stm32.9-2020-q2-update.win32_2.0.0.202105311346/tools/bin/../lib/gcc/arm-none-eabi/9.3.1/thumb/v7-m/nofp/crtbegin.o
                0x0000000008004b2c                PROVIDE (__init_array_end = .)
                0x0000000008004b2c                . = ALIGN (0x4)

.fini_array     0x0000000008004b2c        0x4
                0x0000000008004b2c                . = ALIGN (0x4)
                [!provide]                        PROVIDE (__fini_array_start = .)
 *(SORT_BY_NAME(.fini_array.*))
 *(.fini_array*)
 .fini_array    0x0000000008004b2c        0x4 d:/study app/stm32cubeide_1.7.0/stm32cubeide/plugins/com.st.stm32cube.ide.mcu.externaltools.gnu-tools-for-stm32.9-2020-q2-update.win32_2.0.0.202105311346/tools/bin/../lib/gcc/arm-none-eabi/9.3.1/thumb/v7-m/nofp/crtbegin.o
                [!provide]                        PROVIDE (__fini_array_end = .)
                0x0000000008004b30                . = ALIGN (0x4)
                0x0000000008004b30                _sidata = LOADADDR (.data)

.data           0x0000000020000000       0xcc load address 0x0000000008004b30
                0x0000000020000000                . = ALIGN (0x4)
                0x0000000020000000                _sdata = .
 *(.data)
 *(.data*)
 .data.BUTTON_PORTS
                0x0000000020000000       0x28 ./Core/Src/button.o
                0x0000000020000000                BUTTON_PORTS
 .data.BUTTON_PINS
                0x0000000020000028       0x14 ./Core/Src/button.o
                0x0000000020000028                BUTTON_PINS
 .data.pos_left
                0x000000002000003c        0x4 ./Core/Src/display_LCD.o
                0x000000002000003c                pos_left
 .data.pos_right
                0x0000000020000040        0x4 ./Core/Src/display_LCD.o
                0x0000000020000040                pos_right
 .data.led_buffer
                0x0000000020000044        0xc ./Core/Src/global.o
                0x0000000020000044                led_buffer
 .data.test_single_data
                0x0000000020000050       0x18 ./Core/Src/logic_game.o
                0x0000000020000050                test_single_data
 .data.test_multi_data
                0x0000000020000068       0x48 ./Core/Src/logic_game.o
                0x0000000020000068                test_multi_data
 .data.speed    0x00000000200000b0        0x4 ./Core/Src/mode_accel_decel_spin.o
                0x00000000200000b0                speed
 .data.speed_step
                0x00000000200000b4        0x4 ./Core/Src/mode_accel_decel_spin.o
                0x00000000200000b4                speed_step
 .data.index_player
                0x00000000200000b8        0x4 ./Core/Src/mode_two_player.o
                0x00000000200000b8                index_player
 .data.seed     0x00000000200000bc        0x4 ./Core/Src/random_gen.o
 .data.SystemCoreClock
                0x00000000200000c0        0x4 ./Core/Src/system_stm32f1xx.o
                0x00000000200000c0                SystemCoreClock
 .data.uwTickPrio
                0x00000000200000c4        0x4 ./Drivers/STM32F1xx_HAL_Driver/Src/stm32f1xx_hal.o
                0x00000000200000c4                uwTickPrio
 .data.uwTickFreq
                0x00000000200000c8        0x1 ./Drivers/STM32F1xx_HAL_Driver/Src/stm32f1xx_hal.o
                0x00000000200000c8                uwTickFreq
 *(.RamFunc)
 *(.RamFunc*)
                0x00000000200000cc                . = ALIGN (0x4)
 *fill*         0x00000000200000c9        0x3 
                0x00000000200000cc                _edata = .

.igot.plt       0x00000000200000cc        0x0 load address 0x0000000008004bfc
 .igot.plt      0x00000000200000cc        0x0 d:/study app/stm32cubeide_1.7.0/stm32cubeide/plugins/com.st.stm32cube.ide.mcu.externaltools.gnu-tools-for-stm32.9-2020-q2-update.win32_2.0.0.202105311346/tools/bin/../lib/gcc/arm-none-eabi/9.3.1/thumb/v7-m/nofp/crtbegin.o
                0x00000000200000cc                . = ALIGN (0x4)

.bss            0x00000000200000cc      0x40c load address 0x0000000008004bfc
                0x00000000200000cc                _sbss = .
                0x00000000200000cc                __bss_start__ = _sbss
 *(.bss)
 .bss           0x00000000200000cc       0x1c d:/study app/stm32cubeide_1.7.0/stm32cubeide/plugins/com.st.stm32cube.ide.mcu.externaltools.gnu-tools-for-stm32.9-2020-q2-update.win32_2.0.0.202105311346/tools/bin/../lib/gcc/arm-none-eabi/9.3.1/thumb/v7-m/nofp/crtbegin.o
 *(.bss*)
 .bss.choose_mode
                0x00000000200000e8        0x4 ./Core/Src/global.o
                0x00000000200000e8                choose_mode
 .bss.status    0x00000000200000ec        0x4 ./Core/Src/global.o
                0x00000000200000ec                status
 .bss.last_time
                0x00000000200000f0        0x4 ./Core/Src/global.o
                0x00000000200000f0                last_time
 .bss.spin_flag
                0x00000000200000f4        0x4 ./Core/Src/global.o
                0x00000000200000f4                spin_flag
 .bss.test_idx_single
                0x00000000200000f8        0x4 ./Core/Src/logic_game.o
                0x00000000200000f8                test_idx_single
 .bss.test_idx_multi
                0x00000000200000fc        0x4 ./Core/Src/logic_game.o
                0x00000000200000fc                test_idx_multi
 .bss.temp_accel_decel_spin
                0x0000000020000100        0x4 ./Core/Src/mode_accel_decel_spin.o
                0x0000000020000100                temp_accel_decel_spin
 .bss.check     0x0000000020000104        0x4 ./Core/Src/mode_accel_decel_spin.o
                0x0000000020000104                check
 .bss.first_player_buffer
                0x0000000020000108       0x14 ./Core/Src/mode_two_player.o
                0x0000000020000108                first_player_buffer
 .bss.second_player_buffer
                0x000000002000011c       0x14 ./Core/Src/mode_two_player.o
                0x000000002000011c                second_player_buffer
 .bss.waiting_result.6441
                0x0000000020000130        0x4 ./Core/Src/mode_two_player.o
 .bss.current_displayed_index.6440
                0x0000000020000134        0x4 ./Core/Src/mode_two_player.o
 *(COMMON)
 COMMON         0x0000000020000138      0x140 ./Core/Src/button.o
                0x0000000020000138                buttons
 COMMON         0x0000000020000278       0xcc ./Core/Src/main.o
                0x0000000020000278                hi2c1
                0x00000000200002cc                hadc1
                0x00000000200002fc                htim2
 COMMON         0x0000000020000344      0x190 ./Core/Src/software_timer.o
                0x0000000020000344                timer_counter
                0x000000002000040c                timer_flag
 COMMON         0x00000000200004d4        0x4 ./Drivers/STM32F1xx_HAL_Driver/Src/stm32f1xx_hal.o
                0x00000000200004d4                uwTick
                0x00000000200004d8                . = ALIGN (0x4)
                0x00000000200004d8                _ebss = .
                0x00000000200004d8                __bss_end__ = _ebss

._user_heap_stack
                0x00000000200004d8      0x600 load address 0x0000000008004bfc
                0x00000000200004d8                . = ALIGN (0x8)
                [!provide]                        PROVIDE (end = .)
                0x00000000200004d8                PROVIDE (_end = .)
                0x00000000200006d8                . = (. + _Min_Heap_Size)
 *fill*         0x00000000200004d8      0x200 
                0x0000000020000ad8                . = (. + _Min_Stack_Size)
 *fill*         0x00000000200006d8      0x400 
                0x0000000020000ad8                . = ALIGN (0x8)

/DISCARD/
 libc.a(*)
 libm.a(*)
 libgcc.a(*)

.ARM.attributes
                0x0000000000000000       0x29
 *(.ARM.attributes)
 .ARM.attributes
                0x0000000000000000       0x1d d:/study app/stm32cubeide_1.7.0/stm32cubeide/plugins/com.st.stm32cube.ide.mcu.externaltools.gnu-tools-for-stm32.9-2020-q2-update.win32_2.0.0.202105311346/tools/bin/../lib/gcc/arm-none-eabi/9.3.1/thumb/v7-m/nofp/crti.o
 .ARM.attributes
                0x000000000000001d       0x2d d:/study app/stm32cubeide_1.7.0/stm32cubeide/plugins/com.st.stm32cube.ide.mcu.externaltools.gnu-tools-for-stm32.9-2020-q2-update.win32_2.0.0.202105311346/tools/bin/../lib/gcc/arm-none-eabi/9.3.1/thumb/v7-m/nofp/crtbegin.o
 .ARM.attributes
                0x000000000000004a       0x2d ./Core/Src/button.o
 .ARM.attributes
                0x0000000000000077       0x2d ./Core/Src/display_7SEG.o
 .ARM.attributes
                0x00000000000000a4       0x2d ./Core/Src/display_LCD.o
 .ARM.attributes
                0x00000000000000d1       0x2d ./Core/Src/global.o
 .ARM.attributes
                0x00000000000000fe       0x2d ./Core/Src/i2c_lcd.o
 .ARM.attributes
                0x000000000000012b       0x2d ./Core/Src/logic_game.o
 .ARM.attributes
                0x0000000000000158       0x2d ./Core/Src/main.o
 .ARM.attributes
                0x0000000000000185       0x2d ./Core/Src/mode_accel_decel_spin.o
 .ARM.attributes
                0x00000000000001b2       0x2d ./Core/Src/mode_hold_spin.o
 .ARM.attributes
                0x00000000000001df       0x2d ./Core/Src/mode_single_spin.o
 .ARM.attributes
                0x000000000000020c       0x2d ./Core/Src/mode_two_player.o
 .ARM.attributes
                0x0000000000000239       0x2d ./Core/Src/random_gen.o
 .ARM.attributes
                0x0000000000000266       0x2d ./Core/Src/software_timer.o
 .ARM.attributes
                0x0000000000000293       0x2d ./Core/Src/stm32f1xx_hal_msp.o
 .ARM.attributes
                0x00000000000002c0       0x2d ./Core/Src/stm32f1xx_it.o
 .ARM.attributes
                0x00000000000002ed       0x2d ./Core/Src/system_stm32f1xx.o
 .ARM.attributes
                0x000000000000031a       0x21 ./Core/Startup/startup_stm32f103c6ux.o
 .ARM.attributes
                0x000000000000033b       0x2d ./Drivers/STM32F1xx_HAL_Driver/Src/stm32f1xx_hal.o
 .ARM.attributes
                0x0000000000000368       0x2d ./Drivers/STM32F1xx_HAL_Driver/Src/stm32f1xx_hal_adc.o
 .ARM.attributes
                0x0000000000000395       0x2d ./Drivers/STM32F1xx_HAL_Driver/Src/stm32f1xx_hal_adc_ex.o
 .ARM.attributes
                0x00000000000003c2       0x2d ./Drivers/STM32F1xx_HAL_Driver/Src/stm32f1xx_hal_cortex.o
 .ARM.attributes
                0x00000000000003ef       0x2d ./Drivers/STM32F1xx_HAL_Driver/Src/stm32f1xx_hal_gpio.o
 .ARM.attributes
                0x000000000000041c       0x2d ./Drivers/STM32F1xx_HAL_Driver/Src/stm32f1xx_hal_i2c.o
 .ARM.attributes
                0x0000000000000449       0x2d ./Drivers/STM32F1xx_HAL_Driver/Src/stm32f1xx_hal_rcc.o
 .ARM.attributes
                0x0000000000000476       0x2d ./Drivers/STM32F1xx_HAL_Driver/Src/stm32f1xx_hal_rcc_ex.o
 .ARM.attributes
                0x00000000000004a3       0x2d ./Drivers/STM32F1xx_HAL_Driver/Src/stm32f1xx_hal_tim.o
 .ARM.attributes
                0x00000000000004d0       0x2d ./Drivers/STM32F1xx_HAL_Driver/Src/stm32f1xx_hal_tim_ex.o
 .ARM.attributes
                0x00000000000004fd       0x2d d:/study app/stm32cubeide_1.7.0/stm32cubeide/plugins/com.st.stm32cube.ide.mcu.externaltools.gnu-tools-for-stm32.9-2020-q2-update.win32_2.0.0.202105311346/tools/bin/../lib/gcc/arm-none-eabi/9.3.1/../../../../arm-none-eabi/lib/thumb/v7-m/nofp\libc_nano.a(lib_a-init.o)
 .ARM.attributes
                0x000000000000052a       0x2d d:/study app/stm32cubeide_1.7.0/stm32cubeide/plugins/com.st.stm32cube.ide.mcu.externaltools.gnu-tools-for-stm32.9-2020-q2-update.win32_2.0.0.202105311346/tools/bin/../lib/gcc/arm-none-eabi/9.3.1/../../../../arm-none-eabi/lib/thumb/v7-m/nofp\libc_nano.a(lib_a-memset.o)
 .ARM.attributes
                0x0000000000000557       0x1d d:/study app/stm32cubeide_1.7.0/stm32cubeide/plugins/com.st.stm32cube.ide.mcu.externaltools.gnu-tools-for-stm32.9-2020-q2-update.win32_2.0.0.202105311346/tools/bin/../lib/gcc/arm-none-eabi/9.3.1/thumb/v7-m/nofp/crtn.o
OUTPUT(STM32_Project.elf elf32-littlearm)
LOAD linker stubs
LOAD d:/study app/stm32cubeide_1.7.0/stm32cubeide/plugins/com.st.stm32cube.ide.mcu.externaltools.gnu-tools-for-stm32.9-2020-q2-update.win32_2.0.0.202105311346/tools/bin/../lib/gcc/arm-none-eabi/9.3.1/../../../../arm-none-eabi/lib/thumb/v7-m/nofp\libc.a
LOAD d:/study app/stm32cubeide_1.7.0/stm32cubeide/plugins/com.st.stm32cube.ide.mcu.externaltools.gnu-tools-for-stm32.9-2020-q2-update.win32_2.0.0.202105311346/tools/bin/../lib/gcc/arm-none-eabi/9.3.1/../../../../arm-none-eabi/lib/thumb/v7-m/nofp\libm.a
LOAD d:/study app/stm32cubeide_1.7.0/stm32cubeide/plugins/com.st.stm32cube.ide.mcu.externaltools.gnu-tools-for-stm32.9-2020-q2-update.win32_2.0.0.202105311346/tools/bin/../lib/gcc/arm-none-eabi/9.3.1/thumb/v7-m/nofp\libgcc.a

.debug_info     0x0000000000000000    0x10679
 .debug_info    0x0000000000000000      0x439 ./Core/Src/button.o
 .debug_info    0x0000000000000439      0x449 ./Core/Src/display_7SEG.o
 .debug_info    0x0000000000000882      0x3d8 ./Core/Src/display_LCD.o
 .debug_info    0x0000000000000c5a      0x289 ./Core/Src/global.o
 .debug_info    0x0000000000000ee3      0x884 ./Core/Src/i2c_lcd.o
 .debug_info    0x0000000000001767      0x2eb ./Core/Src/logic_game.o
 .debug_info    0x0000000000001a52     0x12ad ./Core/Src/main.o
 .debug_info    0x0000000000002cff      0x2f7 ./Core/Src/mode_accel_decel_spin.o
 .debug_info    0x0000000000002ff6      0x2b3 ./Core/Src/mode_hold_spin.o
 .debug_info    0x00000000000032a9      0x2b3 ./Core/Src/mode_single_spin.o
 .debug_info    0x000000000000355c      0x337 ./Core/Src/mode_two_player.o
 .debug_info    0x0000000000003893      0x690 ./Core/Src/random_gen.o
 .debug_info    0x0000000000003f23       0xf5 ./Core/Src/software_timer.o
 .debug_info    0x0000000000004018     0x10ee ./Core/Src/stm32f1xx_hal_msp.o
 .debug_info    0x0000000000005106      0x9f5 ./Core/Src/stm32f1xx_it.o
 .debug_info    0x0000000000005afb      0x2be ./Core/Src/system_stm32f1xx.o
 .debug_info    0x0000000000005db9       0x22 ./Core/Startup/startup_stm32f103c6ux.o
 .debug_info    0x0000000000005ddb      0x74c ./Drivers/STM32F1xx_HAL_Driver/Src/stm32f1xx_hal.o
 .debug_info    0x0000000000006527      0xd52 ./Drivers/STM32F1xx_HAL_Driver/Src/stm32f1xx_hal_adc.o
 .debug_info    0x0000000000007279      0xaac ./Drivers/STM32F1xx_HAL_Driver/Src/stm32f1xx_hal_adc_ex.o
 .debug_info    0x0000000000007d25      0xbbe ./Drivers/STM32F1xx_HAL_Driver/Src/stm32f1xx_hal_cortex.o
 .debug_info    0x00000000000088e3      0x701 ./Drivers/STM32F1xx_HAL_Driver/Src/stm32f1xx_hal_gpio.o
 .debug_info    0x0000000000008fe4     0x27cb ./Drivers/STM32F1xx_HAL_Driver/Src/stm32f1xx_hal_i2c.o
 .debug_info    0x000000000000b7af      0x893 ./Drivers/STM32F1xx_HAL_Driver/Src/stm32f1xx_hal_rcc.o
 .debug_info    0x000000000000c042      0x486 ./Drivers/STM32F1xx_HAL_Driver/Src/stm32f1xx_hal_rcc_ex.o
 .debug_info    0x000000000000c4c8     0x2c32 ./Drivers/STM32F1xx_HAL_Driver/Src/stm32f1xx_hal_tim.o
 .debug_info    0x000000000000f0fa     0x157f ./Drivers/STM32F1xx_HAL_Driver/Src/stm32f1xx_hal_tim_ex.o

.debug_abbrev   0x0000000000000000     0x2c22
 .debug_abbrev  0x0000000000000000      0x1ba ./Core/Src/button.o
 .debug_abbrev  0x00000000000001ba      0x1ac ./Core/Src/display_7SEG.o
 .debug_abbrev  0x0000000000000366      0x1a3 ./Core/Src/display_LCD.o
 .debug_abbrev  0x0000000000000509       0xc7 ./Core/Src/global.o
 .debug_abbrev  0x00000000000005d0      0x1b2 ./Core/Src/i2c_lcd.o
 .debug_abbrev  0x0000000000000782       0xdf ./Core/Src/logic_game.o
 .debug_abbrev  0x0000000000000861      0x294 ./Core/Src/main.o
 .debug_abbrev  0x0000000000000af5       0xd8 ./Core/Src/mode_accel_decel_spin.o
 .debug_abbrev  0x0000000000000bcd       0xb6 ./Core/Src/mode_hold_spin.o
 .debug_abbrev  0x0000000000000c83       0xb6 ./Core/Src/mode_single_spin.o
 .debug_abbrev  0x0000000000000d39      0x124 ./Core/Src/mode_two_player.o
 .debug_abbrev  0x0000000000000e5d      0x1c6 ./Core/Src/random_gen.o
 .debug_abbrev  0x0000000000001023       0xcf ./Core/Src/software_timer.o
 .debug_abbrev  0x00000000000010f2      0x1f5 ./Core/Src/stm32f1xx_hal_msp.o
 .debug_abbrev  0x00000000000012e7      0x187 ./Core/Src/stm32f1xx_it.o
 .debug_abbrev  0x000000000000146e      0x14e ./Core/Src/system_stm32f1xx.o
 .debug_abbrev  0x00000000000015bc       0x12 ./Core/Startup/startup_stm32f103c6ux.o
 .debug_abbrev  0x00000000000015ce      0x1ed ./Drivers/STM32F1xx_HAL_Driver/Src/stm32f1xx_hal.o
 .debug_abbrev  0x00000000000017bb      0x1fb ./Drivers/STM32F1xx_HAL_Driver/Src/stm32f1xx_hal_adc.o
 .debug_abbrev  0x00000000000019b6      0x21f ./Drivers/STM32F1xx_HAL_Driver/Src/stm32f1xx_hal_adc_ex.o
 .debug_abbrev  0x0000000000001bd5      0x313 ./Drivers/STM32F1xx_HAL_Driver/Src/stm32f1xx_hal_cortex.o
 .debug_abbrev  0x0000000000001ee8      0x1e8 ./Drivers/STM32F1xx_HAL_Driver/Src/stm32f1xx_hal_gpio.o
 .debug_abbrev  0x00000000000020d0      0x288 ./Drivers/STM32F1xx_HAL_Driver/Src/stm32f1xx_hal_i2c.o
 .debug_abbrev  0x0000000000002358      0x273 ./Drivers/STM32F1xx_HAL_Driver/Src/stm32f1xx_hal_rcc.o
 .debug_abbrev  0x00000000000025cb      0x193 ./Drivers/STM32F1xx_HAL_Driver/Src/stm32f1xx_hal_rcc_ex.o
 .debug_abbrev  0x000000000000275e      0x25e ./Drivers/STM32F1xx_HAL_Driver/Src/stm32f1xx_hal_tim.o
 .debug_abbrev  0x00000000000029bc      0x266 ./Drivers/STM32F1xx_HAL_Driver/Src/stm32f1xx_hal_tim_ex.o

.debug_aranges  0x0000000000000000     0x1048
 .debug_aranges
                0x0000000000000000       0x50 ./Core/Src/button.o
 .debug_aranges
                0x0000000000000050       0x50 ./Core/Src/display_7SEG.o
 .debug_aranges
                0x00000000000000a0       0x58 ./Core/Src/display_LCD.o
 .debug_aranges
                0x00000000000000f8       0x20 ./Core/Src/global.o
 .debug_aranges
                0x0000000000000118       0x48 ./Core/Src/i2c_lcd.o
 .debug_aranges
                0x0000000000000160       0x28 ./Core/Src/logic_game.o
 .debug_aranges
                0x0000000000000188       0x58 ./Core/Src/main.o
 .debug_aranges
                0x00000000000001e0       0x28 ./Core/Src/mode_accel_decel_spin.o
 .debug_aranges
                0x0000000000000208       0x28 ./Core/Src/mode_hold_spin.o
 .debug_aranges
                0x0000000000000230       0x28 ./Core/Src/mode_single_spin.o
 .debug_aranges
                0x0000000000000258       0x30 ./Core/Src/mode_two_player.o
 .debug_aranges
                0x0000000000000288       0x38 ./Core/Src/random_gen.o
 .debug_aranges
                0x00000000000002c0       0x30 ./Core/Src/software_timer.o
 .debug_aranges
                0x00000000000002f0       0x50 ./Core/Src/stm32f1xx_hal_msp.o
 .debug_aranges
                0x0000000000000340       0x70 ./Core/Src/stm32f1xx_it.o
 .debug_aranges
                0x00000000000003b0       0x28 ./Core/Src/system_stm32f1xx.o
 .debug_aranges
                0x00000000000003d8       0x28 ./Core/Startup/startup_stm32f103c6ux.o
 .debug_aranges
                0x0000000000000400       0xe0 ./Drivers/STM32F1xx_HAL_Driver/Src/stm32f1xx_hal.o
 .debug_aranges
                0x00000000000004e0       0xf0 ./Drivers/STM32F1xx_HAL_Driver/Src/stm32f1xx_hal_adc.o
 .debug_aranges
                0x00000000000005d0       0x80 ./Drivers/STM32F1xx_HAL_Driver/Src/stm32f1xx_hal_adc_ex.o
 .debug_aranges
                0x0000000000000650      0x100 ./Drivers/STM32F1xx_HAL_Driver/Src/stm32f1xx_hal_cortex.o
 .debug_aranges
                0x0000000000000750       0x58 ./Drivers/STM32F1xx_HAL_Driver/Src/stm32f1xx_hal_gpio.o
 .debug_aranges
                0x00000000000007a8      0x2a8 ./Drivers/STM32F1xx_HAL_Driver/Src/stm32f1xx_hal_i2c.o
 .debug_aranges
                0x0000000000000a50       0x90 ./Drivers/STM32F1xx_HAL_Driver/Src/stm32f1xx_hal_rcc.o
 .debug_aranges
                0x0000000000000ae0       0x30 ./Drivers/STM32F1xx_HAL_Driver/Src/stm32f1xx_hal_rcc_ex.o
 .debug_aranges
                0x0000000000000b10      0x3d0 ./Drivers/STM32F1xx_HAL_Driver/Src/stm32f1xx_hal_tim.o
 .debug_aranges
                0x0000000000000ee0      0x168 ./Drivers/STM32F1xx_HAL_Driver/Src/stm32f1xx_hal_tim_ex.o

.debug_ranges   0x0000000000000000      0xeb8
 .debug_ranges  0x0000000000000000       0x40 ./Core/Src/button.o
 .debug_ranges  0x0000000000000040       0x40 ./Core/Src/display_7SEG.o
 .debug_ranges  0x0000000000000080       0x48 ./Core/Src/display_LCD.o
 .debug_ranges  0x00000000000000c8       0x10 ./Core/Src/global.o
 .debug_ranges  0x00000000000000d8       0x38 ./Core/Src/i2c_lcd.o
 .debug_ranges  0x0000000000000110       0x18 ./Core/Src/logic_game.o
 .debug_ranges  0x0000000000000128       0x48 ./Core/Src/main.o
 .debug_ranges  0x0000000000000170       0x18 ./Core/Src/mode_accel_decel_spin.o
 .debug_ranges  0x0000000000000188       0x18 ./Core/Src/mode_hold_spin.o
 .debug_ranges  0x00000000000001a0       0x18 ./Core/Src/mode_single_spin.o
 .debug_ranges  0x00000000000001b8       0x20 ./Core/Src/mode_two_player.o
 .debug_ranges  0x00000000000001d8       0x28 ./Core/Src/random_gen.o
 .debug_ranges  0x0000000000000200       0x20 ./Core/Src/software_timer.o
 .debug_ranges  0x0000000000000220       0x40 ./Core/Src/stm32f1xx_hal_msp.o
 .debug_ranges  0x0000000000000260       0x60 ./Core/Src/stm32f1xx_it.o
 .debug_ranges  0x00000000000002c0       0x18 ./Core/Src/system_stm32f1xx.o
 .debug_ranges  0x00000000000002d8       0x20 ./Core/Startup/startup_stm32f103c6ux.o
 .debug_ranges  0x00000000000002f8       0xd0 ./Drivers/STM32F1xx_HAL_Driver/Src/stm32f1xx_hal.o
 .debug_ranges  0x00000000000003c8       0xe0 ./Drivers/STM32F1xx_HAL_Driver/Src/stm32f1xx_hal_adc.o
 .debug_ranges  0x00000000000004a8       0x70 ./Drivers/STM32F1xx_HAL_Driver/Src/stm32f1xx_hal_adc_ex.o
 .debug_ranges  0x0000000000000518       0xf0 ./Drivers/STM32F1xx_HAL_Driver/Src/stm32f1xx_hal_cortex.o
 .debug_ranges  0x0000000000000608       0x48 ./Drivers/STM32F1xx_HAL_Driver/Src/stm32f1xx_hal_gpio.o
 .debug_ranges  0x0000000000000650      0x2b0 ./Drivers/STM32F1xx_HAL_Driver/Src/stm32f1xx_hal_i2c.o
 .debug_ranges  0x0000000000000900       0x80 ./Drivers/STM32F1xx_HAL_Driver/Src/stm32f1xx_hal_rcc.o
 .debug_ranges  0x0000000000000980       0x20 ./Drivers/STM32F1xx_HAL_Driver/Src/stm32f1xx_hal_rcc_ex.o
 .debug_ranges  0x00000000000009a0      0x3c0 ./Drivers/STM32F1xx_HAL_Driver/Src/stm32f1xx_hal_tim.o
 .debug_ranges  0x0000000000000d60      0x158 ./Drivers/STM32F1xx_HAL_Driver/Src/stm32f1xx_hal_tim_ex.o

.debug_macro    0x0000000000000000    0x18ea3
 .debug_macro   0x0000000000000000      0x1d3 ./Core/Src/button.o
 .debug_macro   0x00000000000001d3      0xa9c ./Core/Src/button.o
 .debug_macro   0x0000000000000c6f      0x221 ./Core/Src/button.o
 .debug_macro   0x0000000000000e90       0x2e ./Core/Src/button.o
 .debug_macro   0x0000000000000ebe       0x22 ./Core/Src/button.o
 .debug_macro   0x0000000000000ee0       0x22 ./Core/Src/button.o
 .debug_macro   0x0000000000000f02       0x8e ./Core/Src/button.o
 .debug_macro   0x0000000000000f90       0x51 ./Core/Src/button.o
 .debug_macro   0x0000000000000fe1      0x103 ./Core/Src/button.o
 .debug_macro   0x00000000000010e4       0x6a ./Core/Src/button.o
 .debug_macro   0x000000000000114e      0x1df ./Core/Src/button.o
 .debug_macro   0x000000000000132d       0x1c ./Core/Src/button.o
 .debug_macro   0x0000000000001349       0x22 ./Core/Src/button.o
 .debug_macro   0x000000000000136b       0xc3 ./Core/Src/button.o
 .debug_macro   0x000000000000142e      0xd23 ./Core/Src/button.o
 .debug_macro   0x0000000000002151     0xde75 ./Core/Src/button.o
 .debug_macro   0x000000000000ffc6       0x6d ./Core/Src/button.o
 .debug_macro   0x0000000000010033     0x34a2 ./Core/Src/button.o
 .debug_macro   0x00000000000134d5      0x174 ./Core/Src/button.o
 .debug_macro   0x0000000000013649       0x5c ./Core/Src/button.o
 .debug_macro   0x00000000000136a5      0x5bc ./Core/Src/button.o
 .debug_macro   0x0000000000013c61      0x1b7 ./Core/Src/button.o
 .debug_macro   0x0000000000013e18      0x1cb ./Core/Src/button.o
 .debug_macro   0x0000000000013fe3      0x114 ./Core/Src/button.o
 .debug_macro   0x00000000000140f7      0x1b2 ./Core/Src/button.o
 .debug_macro   0x00000000000142a9       0x27 ./Core/Src/button.o
 .debug_macro   0x00000000000142d0      0x12f ./Core/Src/button.o
 .debug_macro   0x00000000000143ff      0x1bc ./Core/Src/button.o
 .debug_macro   0x00000000000145bb       0x34 ./Core/Src/button.o
 .debug_macro   0x00000000000145ef       0x3c ./Core/Src/button.o
 .debug_macro   0x000000000001462b       0x57 ./Core/Src/button.o
 .debug_macro   0x0000000000014682      0x46a ./Core/Src/button.o
 .debug_macro   0x0000000000014aec      0x1b5 ./Core/Src/button.o
 .debug_macro   0x0000000000014ca1       0x87 ./Core/Src/button.o
 .debug_macro   0x0000000000014d28      0x183 ./Core/Src/button.o
 .debug_macro   0x0000000000014eab      0x287 ./Core/Src/button.o
 .debug_macro   0x0000000000015132      0x140 ./Core/Src/button.o
 .debug_macro   0x0000000000015272      0x8ed ./Core/Src/button.o
 .debug_macro   0x0000000000015b5f       0x69 ./Core/Src/button.o
 .debug_macro   0x0000000000015bc8       0xac ./Core/Src/button.o
 .debug_macro   0x0000000000015c74       0x16 ./Core/Src/button.o
 .debug_macro   0x0000000000015c8a      0x248 ./Core/Src/display_7SEG.o
 .debug_macro   0x0000000000015ed2       0x1c ./Core/Src/display_7SEG.o
 .debug_macro   0x0000000000015eee       0x40 ./Core/Src/display_7SEG.o
 .debug_macro   0x0000000000015f2e       0x2e ./Core/Src/display_7SEG.o
 .debug_macro   0x0000000000015f5c       0x82 ./Core/Src/display_7SEG.o
 .debug_macro   0x0000000000015fde      0x24e ./Core/Src/display_LCD.o
 .debug_macro   0x000000000001622c      0x243 ./Core/Src/global.o
 .debug_macro   0x000000000001646f       0x10 ./Core/Src/global.o
 .debug_macro   0x000000000001647f      0x24e ./Core/Src/i2c_lcd.o
 .debug_macro   0x00000000000166cd      0x25c ./Core/Src/logic_game.o
 .debug_macro   0x0000000000016929       0x10 ./Core/Src/logic_game.o
 .debug_macro   0x0000000000016939      0x273 ./Core/Src/main.o
 .debug_macro   0x0000000000016bac      0x264 ./Core/Src/mode_accel_decel_spin.o
 .debug_macro   0x0000000000016e10      0x264 ./Core/Src/mode_hold_spin.o
 .debug_macro   0x0000000000017074      0x268 ./Core/Src/mode_single_spin.o
 .debug_macro   0x00000000000172dc      0x264 ./Core/Src/mode_two_player.o
 .debug_macro   0x0000000000017540      0x1ce ./Core/Src/random_gen.o
 .debug_macro   0x000000000001770e       0x1d ./Core/Src/software_timer.o
 .debug_macro   0x000000000001772b      0x1c4 ./Core/Src/stm32f1xx_hal_msp.o
 .debug_macro   0x00000000000178ef      0x1ce ./Core/Src/stm32f1xx_it.o
 .debug_macro   0x0000000000017abd      0x1b5 ./Core/Src/system_stm32f1xx.o
 .debug_macro   0x0000000000017c72      0x1d9 ./Drivers/STM32F1xx_HAL_Driver/Src/stm32f1xx_hal.o
 .debug_macro   0x0000000000017e4b      0x1d2 ./Drivers/STM32F1xx_HAL_Driver/Src/stm32f1xx_hal_adc.o
 .debug_macro   0x000000000001801d      0x1c7 ./Drivers/STM32F1xx_HAL_Driver/Src/stm32f1xx_hal_adc_ex.o
 .debug_macro   0x00000000000181e4      0x1b5 ./Drivers/STM32F1xx_HAL_Driver/Src/stm32f1xx_hal_cortex.o
 .debug_macro   0x0000000000018399      0x220 ./Drivers/STM32F1xx_HAL_Driver/Src/stm32f1xx_hal_gpio.o
 .debug_macro   0x00000000000185b9      0x203 ./Drivers/STM32F1xx_HAL_Driver/Src/stm32f1xx_hal_i2c.o
 .debug_macro   0x00000000000187bc      0x1c7 ./Drivers/STM32F1xx_HAL_Driver/Src/stm32f1xx_hal_rcc.o
 .debug_macro   0x0000000000018983      0x1b5 ./Drivers/STM32F1xx_HAL_Driver/Src/stm32f1xx_hal_rcc_ex.o
 .debug_macro   0x0000000000018b38      0x1b6 ./Drivers/STM32F1xx_HAL_Driver/Src/stm32f1xx_hal_tim.o
 .debug_macro   0x0000000000018cee      0x1b5 ./Drivers/STM32F1xx_HAL_Driver/Src/stm32f1xx_hal_tim_ex.o

.debug_line     0x0000000000000000    0x157be
 .debug_line    0x0000000000000000      0x83d ./Core/Src/button.o
 .debug_line    0x000000000000083d      0x859 ./Core/Src/display_7SEG.o
 .debug_line    0x0000000000001096      0xa3e ./Core/Src/display_LCD.o
 .debug_line    0x0000000000001ad4      0x7a4 ./Core/Src/global.o
 .debug_line    0x0000000000002278      0x86e ./Core/Src/i2c_lcd.o
 .debug_line    0x0000000000002ae6      0x86b ./Core/Src/logic_game.o
 .debug_line    0x0000000000003351      0x983 ./Core/Src/main.o
 .debug_line    0x0000000000003cd4      0x87b ./Core/Src/mode_accel_decel_spin.o
 .debug_line    0x000000000000454f      0x808 ./Core/Src/mode_hold_spin.o
 .debug_line    0x0000000000004d57      0x80c ./Core/Src/mode_single_spin.o
 .debug_line    0x0000000000005563      0x9a6 ./Core/Src/mode_two_player.o
 .debug_line    0x0000000000005f09      0x74a ./Core/Src/random_gen.o
 .debug_line    0x0000000000006653       0xb7 ./Core/Src/software_timer.o
 .debug_line    0x000000000000670a      0x79b ./Core/Src/stm32f1xx_hal_msp.o
 .debug_line    0x0000000000006ea5      0x7bb ./Core/Src/stm32f1xx_it.o
 .debug_line    0x0000000000007660      0x747 ./Core/Src/system_stm32f1xx.o
 .debug_line    0x0000000000007da7       0x86 ./Core/Startup/startup_stm32f103c6ux.o
 .debug_line    0x0000000000007e2d      0x974 ./Drivers/STM32F1xx_HAL_Driver/Src/stm32f1xx_hal.o
 .debug_line    0x00000000000087a1      0xff9 ./Drivers/STM32F1xx_HAL_Driver/Src/stm32f1xx_hal_adc.o
 .debug_line    0x000000000000979a      0xd3d ./Drivers/STM32F1xx_HAL_Driver/Src/stm32f1xx_hal_adc_ex.o
 .debug_line    0x000000000000a4d7      0xb5c ./Drivers/STM32F1xx_HAL_Driver/Src/stm32f1xx_hal_cortex.o
 .debug_line    0x000000000000b033      0x9f7 ./Drivers/STM32F1xx_HAL_Driver/Src/stm32f1xx_hal_gpio.o
 .debug_line    0x000000000000ba2a     0x3b0a ./Drivers/STM32F1xx_HAL_Driver/Src/stm32f1xx_hal_i2c.o
 .debug_line    0x000000000000f534      0xd80 ./Drivers/STM32F1xx_HAL_Driver/Src/stm32f1xx_hal_rcc.o
 .debug_line    0x00000000000102b4      0x8bb ./Drivers/STM32F1xx_HAL_Driver/Src/stm32f1xx_hal_rcc_ex.o
 .debug_line    0x0000000000010b6f     0x33c5 ./Drivers/STM32F1xx_HAL_Driver/Src/stm32f1xx_hal_tim.o
 .debug_line    0x0000000000013f34     0x188a ./Drivers/STM32F1xx_HAL_Driver/Src/stm32f1xx_hal_tim_ex.o

.debug_str      0x0000000000000000    0x8a32a
 .debug_str     0x0000000000000000    0x85aa2 ./Core/Src/button.o
                                      0x85de5 (size before relaxing)
 .debug_str     0x0000000000085aa2      0x450 ./Core/Src/display_7SEG.o
                                      0x8613f (size before relaxing)
 .debug_str     0x0000000000085ef2       0xff ./Core/Src/display_LCD.o
                                      0x8615e (size before relaxing)
 .debug_str     0x0000000000085ff1       0x30 ./Core/Src/global.o
                                      0x8608f (size before relaxing)
 .debug_str     0x0000000000086021      0x470 ./Core/Src/i2c_lcd.o
                                      0x8655a (size before relaxing)
 .debug_str     0x0000000000086491       0x9c ./Core/Src/logic_game.o
                                      0x860fb (size before relaxing)
 .debug_str     0x000000000008652d      0x6b3 ./Core/Src/main.o
                                      0x86d0f (size before relaxing)
 .debug_str     0x0000000000086be0       0x5d ./Core/Src/mode_accel_decel_spin.o
                                      0x86131 (size before relaxing)
 .debug_str     0x0000000000086c3d       0x38 ./Core/Src/mode_hold_spin.o
                                      0x86105 (size before relaxing)
 .debug_str     0x0000000000086c75       0x3c ./Core/Src/mode_single_spin.o
                                      0x8610b (size before relaxing)
 .debug_str     0x0000000000086cb1       0x81 ./Core/Src/mode_two_player.o
                                      0x8615d (size before relaxing)
 .debug_str     0x0000000000086d32       0x5a ./Core/Src/random_gen.o
                                      0x85fee (size before relaxing)
 .debug_str     0x0000000000086d8c       0x75 ./Core/Src/software_timer.o
                                       0x2dd6 (size before relaxing)
 .debug_str     0x0000000000086e01      0x308 ./Core/Src/stm32f1xx_hal_msp.o
                                      0x868d9 (size before relaxing)
 .debug_str     0x0000000000087109       0xcd ./Core/Src/stm32f1xx_it.o
                                      0x8632f (size before relaxing)
 .debug_str     0x00000000000871d6       0x52 ./Core/Src/system_stm32f1xx.o
                                      0x85a58 (size before relaxing)
 .debug_str     0x0000000000087228       0x36 ./Core/Startup/startup_stm32f103c6ux.o
                                         0x61 (size before relaxing)
 .debug_str     0x000000000008725e      0x304 ./Drivers/STM32F1xx_HAL_Driver/Src/stm32f1xx_hal.o
                                      0x860af (size before relaxing)
 .debug_str     0x0000000000087562      0x35e ./Drivers/STM32F1xx_HAL_Driver/Src/stm32f1xx_hal_adc.o
                                      0x860ef (size before relaxing)
 .debug_str     0x00000000000878c0      0x2fb ./Drivers/STM32F1xx_HAL_Driver/Src/stm32f1xx_hal_adc_ex.o
                                      0x8609d (size before relaxing)
 .debug_str     0x0000000000087bbb      0x300 ./Drivers/STM32F1xx_HAL_Driver/Src/stm32f1xx_hal_cortex.o
                                      0x860b7 (size before relaxing)
 .debug_str     0x0000000000087ebb      0x31f ./Drivers/STM32F1xx_HAL_Driver/Src/stm32f1xx_hal_gpio.o
                                      0x85e1c (size before relaxing)
 .debug_str     0x00000000000881da      0xb95 ./Drivers/STM32F1xx_HAL_Driver/Src/stm32f1xx_hal_i2c.o
                                      0x86ae7 (size before relaxing)
 .debug_str     0x0000000000088d6f      0x244 ./Drivers/STM32F1xx_HAL_Driver/Src/stm32f1xx_hal_rcc.o
                                      0x85e55 (size before relaxing)
 .debug_str     0x0000000000088fb3       0xb9 ./Drivers/STM32F1xx_HAL_Driver/Src/stm32f1xx_hal_rcc_ex.o
                                      0x85be2 (size before relaxing)
 .debug_str     0x000000000008906c      0xdd0 ./Drivers/STM32F1xx_HAL_Driver/Src/stm32f1xx_hal_tim.o
                                      0x86e3e (size before relaxing)
 .debug_str     0x0000000000089e3c      0x4ee ./Drivers/STM32F1xx_HAL_Driver/Src/stm32f1xx_hal_tim_ex.o
                                      0x865df (size before relaxing)

.comment        0x0000000000000000       0x53
 .comment       0x0000000000000000       0x53 ./Core/Src/button.o
                                         0x54 (size before relaxing)
 .comment       0x0000000000000053       0x54 ./Core/Src/display_7SEG.o
 .comment       0x0000000000000053       0x54 ./Core/Src/display_LCD.o
 .comment       0x0000000000000053       0x54 ./Core/Src/global.o
 .comment       0x0000000000000053       0x54 ./Core/Src/i2c_lcd.o
 .comment       0x0000000000000053       0x54 ./Core/Src/logic_game.o
 .comment       0x0000000000000053       0x54 ./Core/Src/main.o
 .comment       0x0000000000000053       0x54 ./Core/Src/mode_accel_decel_spin.o
 .comment       0x0000000000000053       0x54 ./Core/Src/mode_hold_spin.o
 .comment       0x0000000000000053       0x54 ./Core/Src/mode_single_spin.o
 .comment       0x0000000000000053       0x54 ./Core/Src/mode_two_player.o
 .comment       0x0000000000000053       0x54 ./Core/Src/random_gen.o
 .comment       0x0000000000000053       0x54 ./Core/Src/software_timer.o
 .comment       0x0000000000000053       0x54 ./Core/Src/stm32f1xx_hal_msp.o
 .comment       0x0000000000000053       0x54 ./Core/Src/stm32f1xx_it.o
 .comment       0x0000000000000053       0x54 ./Core/Src/system_stm32f1xx.o
 .comment       0x0000000000000053       0x54 ./Drivers/STM32F1xx_HAL_Driver/Src/stm32f1xx_hal.o
 .comment       0x0000000000000053       0x54 ./Drivers/STM32F1xx_HAL_Driver/Src/stm32f1xx_hal_adc.o
 .comment       0x0000000000000053       0x54 ./Drivers/STM32F1xx_HAL_Driver/Src/stm32f1xx_hal_adc_ex.o
 .comment       0x0000000000000053       0x54 ./Drivers/STM32F1xx_HAL_Driver/Src/stm32f1xx_hal_cortex.o
 .comment       0x0000000000000053       0x54 ./Drivers/STM32F1xx_HAL_Driver/Src/stm32f1xx_hal_gpio.o
 .comment       0x0000000000000053       0x54 ./Drivers/STM32F1xx_HAL_Driver/Src/stm32f1xx_hal_i2c.o
 .comment       0x0000000000000053       0x54 ./Drivers/STM32F1xx_HAL_Driver/Src/stm32f1xx_hal_rcc.o
 .comment       0x0000000000000053       0x54 ./Drivers/STM32F1xx_HAL_Driver/Src/stm32f1xx_hal_rcc_ex.o
 .comment       0x0000000000000053       0x54 ./Drivers/STM32F1xx_HAL_Driver/Src/stm32f1xx_hal_tim.o
 .comment       0x0000000000000053       0x54 ./Drivers/STM32F1xx_HAL_Driver/Src/stm32f1xx_hal_tim_ex.o

.debug_frame    0x0000000000000000     0x40c0
 .debug_frame   0x0000000000000000      0x124 ./Core/Src/button.o
 .debug_frame   0x0000000000000124      0x108 ./Core/Src/display_7SEG.o
 .debug_frame   0x000000000000022c      0x10c ./Core/Src/display_LCD.o
 .debug_frame   0x0000000000000338       0x30 ./Core/Src/global.o
 .debug_frame   0x0000000000000368       0xd8 ./Core/Src/i2c_lcd.o
 .debug_frame   0x0000000000000440       0x48 ./Core/Src/logic_game.o
 .debug_frame   0x0000000000000488      0x114 ./Core/Src/main.o
 .debug_frame   0x000000000000059c       0x4c ./Core/Src/mode_accel_decel_spin.o
 .debug_frame   0x00000000000005e8       0x4c ./Core/Src/mode_hold_spin.o
 .debug_frame   0x0000000000000634       0x4c ./Core/Src/mode_single_spin.o
 .debug_frame   0x0000000000000680       0x78 ./Core/Src/mode_two_player.o
 .debug_frame   0x00000000000006f8       0x94 ./Core/Src/random_gen.o
 .debug_frame   0x000000000000078c       0x88 ./Core/Src/software_timer.o
 .debug_frame   0x0000000000000814      0x110 ./Core/Src/stm32f1xx_hal_msp.o
 .debug_frame   0x0000000000000924      0x13c ./Core/Src/stm32f1xx_it.o
 .debug_frame   0x0000000000000a60       0x58 ./Core/Src/system_stm32f1xx.o
 .debug_frame   0x0000000000000ab8      0x334 ./Drivers/STM32F1xx_HAL_Driver/Src/stm32f1xx_hal.o
 .debug_frame   0x0000000000000dec      0x40c ./Drivers/STM32F1xx_HAL_Driver/Src/stm32f1xx_hal_adc.o
 .debug_frame   0x00000000000011f8      0x200 ./Drivers/STM32F1xx_HAL_Driver/Src/stm32f1xx_hal_adc_ex.o
 .debug_frame   0x00000000000013f8      0x428 ./Drivers/STM32F1xx_HAL_Driver/Src/stm32f1xx_hal_cortex.o
 .debug_frame   0x0000000000001820      0x14c ./Drivers/STM32F1xx_HAL_Driver/Src/stm32f1xx_hal_gpio.o
 .debug_frame   0x000000000000196c      0xc84 ./Drivers/STM32F1xx_HAL_Driver/Src/stm32f1xx_hal_i2c.o
 .debug_frame   0x00000000000025f0      0x218 ./Drivers/STM32F1xx_HAL_Driver/Src/stm32f1xx_hal_rcc.o
 .debug_frame   0x0000000000002808       0x80 ./Drivers/STM32F1xx_HAL_Driver/Src/stm32f1xx_hal_rcc_ex.o
 .debug_frame   0x0000000000002888     0x11b4 ./Drivers/STM32F1xx_HAL_Driver/Src/stm32f1xx_hal_tim.o
 .debug_frame   0x0000000000003a3c      0x638 ./Drivers/STM32F1xx_HAL_Driver/Src/stm32f1xx_hal_tim_ex.o
 .debug_frame   0x0000000000004074       0x2c d:/study app/stm32cubeide_1.7.0/stm32cubeide/plugins/com.st.stm32cube.ide.mcu.externaltools.gnu-tools-for-stm32.9-2020-q2-update.win32_2.0.0.202105311346/tools/bin/../lib/gcc/arm-none-eabi/9.3.1/../../../../arm-none-eabi/lib/thumb/v7-m/nofp\libc_nano.a(lib_a-init.o)
 .debug_frame   0x00000000000040a0       0x20 d:/study app/stm32cubeide_1.7.0/stm32cubeide/plugins/com.st.stm32cube.ide.mcu.externaltools.gnu-tools-for-stm32.9-2020-q2-update.win32_2.0.0.202105311346/tools/bin/../lib/gcc/arm-none-eabi/9.3.1/../../../../arm-none-eabi/lib/thumb/v7-m/nofp\libc_nano.a(lib_a-memset.o)
