display_LCD.c:21:6:display_init	8	static
display_LCD.c:29:6:display_welcome_screen	8	static
display_LCD.c:37:6:display_announcement	16	static
display_LCD.c:91:6:display_mark	16	static
display_LCD.c:101:6:clear_mark	16	static
display_LCD.c:107:6:display_playing_mode	16	static
display_LCD.c:144:6:display_while_playing	80	static
display_LCD.c:195:6:reset_animation_pos	4	static
display_LCD.c:200:6:display_list_modes	8	static
display_LCD.c:402:6:display_mode_two_players	16	static
display_LCD.c:415:6:display_list_button	8	static
